 helloworld

 Timestamp is 61345ec0 (Sun Sep  5 16:08:00 2021)

 Preferred load address is 00400000

 Start         Length     Name                   Class
 0001:00000000 00010000H .textbss                DATA
 0002:00000000 0000517fH .text$mn                CODE
 0003:00000000 00000104H .CRT$XCA                DATA
 0003:00000104 00000104H .CRT$XCAA               DATA
 0003:00000208 00000104H .CRT$XCZ                DATA
 0003:0000030c 00000104H .CRT$XIA                DATA
 0003:00000410 00000104H .CRT$XIAA               DATA
 0003:00000514 00000104H .CRT$XIAC               DATA
 0003:00000618 00000104H .CRT$XIZ                DATA
 0003:0000071c 00000104H .CRT$XPA                DATA
 0003:00000820 00000104H .CRT$XPZ                DATA
 0003:00000924 00000104H .CRT$XTA                DATA
 0003:00000a28 00000108H .CRT$XTZ                DATA
 0003:00000b30 00000c08H .rdata                  DATA
 0003:00001738 00000194H .rdata$zzzdbg           DATA
 0003:000018cc 00000104H .rtc$IAA                DATA
 0003:000019d0 00000104H .rtc$IMZ                DATA
 0003:00001ad4 00000104H .rtc$IZZ                DATA
 0003:00001bd8 00000104H .rtc$TAA                DATA
 0003:00001cdc 00000104H .rtc$TMZ                DATA
 0003:00001de0 00000108H .rtc$TZZ                DATA
 0003:00001ee8 00000169H .xdata$x                DATA
 0003:00002051 00000000H .edata                  DATA
 0004:00000000 00000138H .data                   DATA
 0004:00000138 00000468H .bss                    DATA
 0005:00000000 000001ecH .idata$5                DATA
 0005:000001ec 00000050H .idata$2                DATA
 0005:0000023c 00000014H .idata$3                DATA
 0005:00000250 000001ecH .idata$4                DATA
 0005:0000043c 000006ebH .idata$6                DATA
 0006:00000000 00000101H .msvcjmc                DATA
 0007:00000000 00000109H .00cfg                  DATA
 0008:00000000 00000170H .rsrc$01                DATA
 0008:00000170 000002ccH .rsrc$02                DATA

  Address         Publics by Value              Rva+Base       Lib:Object

 0000:00000000       ___guard_eh_cont_table     00000000     <absolute>
 0000:00000000       ___guard_longjmp_count     00000000     <absolute>
 0000:00000000       ___hybrid_code_map         00000000     <absolute>
 0000:00000000       ___enclave_config          00000000     <absolute>
 0000:00000000       ___dynamic_value_reloc_table 00000000     <absolute>
 0000:00000000       ___volatile_metadata       00000000     <absolute>
 0000:00000000       ___guard_iat_count         00000000     <absolute>
 0000:00000000       ___safe_se_handler_count   00000000     <absolute>
 0000:00000000       ___AbsoluteZero            00000000     <absolute>
 0000:00000000       ___guard_eh_cont_count     00000000     <absolute>
 0000:00000000       ___guard_fids_count        00000000     <absolute>
 0000:00000000       ___guard_longjmp_table     00000000     <absolute>
 0000:00000000       ___hybrid_code_map_count   00000000     <absolute>
 0000:00000000       ___guard_iat_table         00000000     <absolute>
 0000:00000000       ___hybrid_auxiliary_iat    00000000     <absolute>
 0000:00000000       ___guard_fids_table        00000000     <absolute>
 0000:00000000       ___safe_se_handler_table   00000000     <absolute>
 0000:00000100       ___guard_flags             00000100     <absolute>
 0000:00000000       ___ImageBase               00400000     <linker-defined>
 0001:00000000       __enc$textbss$begin        00401000     <linker-defined>
 0001:00010000       __enc$textbss$end          00411000     <linker-defined>
 0002:000006f0       __JustMyCode_Default       004116f0 f i helloworld.obj
 0002:00000700       _main                      00411700 f   helloworld.obj
 0002:0000076c       _printnow                  0041176c f   dll:dll.dll
 0002:00000780       @__CheckForDebuggerJustMyCode@4 00411780 f   MSVCRTD:debugger_jmc.obj
 0002:000007d0       @_RTC_AllocaHelper@12      004117d0 f   MSVCRTD:stack.obj
 0002:00000810       @_RTC_CheckStackVars2@12   00411810 f   MSVCRTD:stack.obj
 0002:00000920       @_RTC_CheckStackVars@8     00411920 f   MSVCRTD:stack.obj
 0002:00000990       __RTC_CheckEsp             00411990 f   MSVCRTD:stack.obj
 0002:000009d0       __CRT_RTC_INIT             004119d0 f   MSVCRTD:init.obj
 0002:000009e0       __CRT_RTC_INITW            004119e0 f   MSVCRTD:init.obj
 0002:000009f0       __RTC_InitBase             004119f0 f   MSVCRTD:init.obj
 0002:00000a30       __RTC_Shutdown             00411a30 f   MSVCRTD:init.obj
 0002:00000e20       ?configure_argv@__scrt_narrow_argv_policy@@SAHXZ 00411e20 f i MSVCRTD:exe_main.obj
 0002:00000e40       ?initialize_environment@__scrt_narrow_environment_policy@@SAHXZ 00411e40 f i MSVCRTD:exe_main.obj
 0002:00000ea0       ?set_app_type@__scrt_main_policy@@SAXXZ 00411ea0 f i MSVCRTD:exe_main.obj
 0002:00000ec0       ?set_commode@__scrt_file_policy@@SAXXZ 00411ec0 f i MSVCRTD:exe_main.obj
 0002:00000ee0       ?set_fmode@__scrt_file_policy@@SAXXZ 00411ee0 f i MSVCRTD:exe_main.obj
 0002:00000f00       _mainCRTStartup            00411f00 f   MSVCRTD:exe_main.obj
 0002:00000fc0       ?_RTC_AllocaFailure@@YAXPAXPAU_RTC_ALLOCA_NODE@@H@Z 00411fc0 f   MSVCRTD:error.obj
 0002:000010e0       ?_RTC_Failure@@YAXPAXH@Z   004120e0 f   MSVCRTD:error.obj
 0002:00001150       ?_RTC_StackFailure@@YAXPAXPBD@Z 00412150 f   MSVCRTD:error.obj
 0002:00001600       __RTC_UninitUse            00412600 f   MSVCRTD:error.obj
 0002:000016e0       ___local_stdio_printf_options 004126e0 f i MSVCRTD:error.obj
 0002:000016f0       __vsprintf_s_l             004126f0 f i MSVCRTD:error.obj
 0002:00001730       _sprintf_s                 00412730 f i MSVCRTD:error.obj
 0002:00001760       ?_RTC_GetErrorFunc@@YAP6AHHPBDH00ZZPBX@Z 00412760 f   MSVCRTD:userapi.obj
 0002:00001770       ?_RTC_GetErrorFuncW@@YAP6AHHPB_WH00ZZPBX@Z 00412770 f   MSVCRTD:userapi.obj
 0002:00001780       __RTC_GetErrDesc           00412780 f   MSVCRTD:userapi.obj
 0002:000017a0       __RTC_NumErrors            004127a0 f   MSVCRTD:userapi.obj
 0002:000017b0       __RTC_SetErrorFunc         004127b0 f   MSVCRTD:userapi.obj
 0002:000017e0       __RTC_SetErrorFuncW        004127e0 f   MSVCRTD:userapi.obj
 0002:00001810       __RTC_SetErrorType         00412810 f   MSVCRTD:userapi.obj
 0002:00001980       _NtCurrentTeb              00412980 f i MSVCRTD:utility.obj
 0002:00001990       ___scrt_acquire_startup_lock 00412990 f   MSVCRTD:utility.obj
 0002:000019f0       ___scrt_dllmain_after_initialize_c 004129f0 f   MSVCRTD:utility.obj
 0002:00001a30       ___scrt_dllmain_before_initialize_c 00412a30 f   MSVCRTD:utility.obj
 0002:00001a60       ___scrt_dllmain_crt_thread_attach 00412a60 f   MSVCRTD:utility.obj
 0002:00001aa0       ___scrt_dllmain_crt_thread_detach 00412aa0 f   MSVCRTD:utility.obj
 0002:00001ac0       ___scrt_dllmain_exception_filter 00412ac0 f   MSVCRTD:utility.obj
 0002:00001b20       ___scrt_dllmain_uninitialize_c 00412b20 f   MSVCRTD:utility.obj
 0002:00001b60       ___scrt_dllmain_uninitialize_critical 00412b60 f   MSVCRTD:utility.obj
 0002:00001b80       ___scrt_initialize_crt     00412b80 f   MSVCRTD:utility.obj
 0002:00001be0       ___scrt_initialize_onexit_tables 00412be0 f   MSVCRTD:utility.obj
 0002:00001cf0       ___scrt_is_nonwritable_in_current_image 00412cf0 f   MSVCRTD:utility.obj
 0002:00001e70       ___scrt_release_startup_lock 00412e70 f   MSVCRTD:utility.obj
 0002:00001ea0       ___scrt_uninitialize_crt   00412ea0 f   MSVCRTD:utility.obj
 0002:00001ef0       __onexit                   00412ef0 f   MSVCRTD:utility.obj
 0002:00001f70       _at_quick_exit             00412f70 f   MSVCRTD:utility.obj
 0002:00001fc0       _atexit                    00412fc0 f   MSVCRTD:utility.obj
 0002:00002090       ___security_init_cookie    00413090 f   MSVCRTD:gs_support.obj
 0002:00002130       __matherr                  00413130 f   MSVCRTD:matherr.obj
 0002:00002140       __get_startup_argv_mode    00413140 f   MSVCRTD:argv_mode.obj
 0002:00002150       __get_startup_commit_mode  00413150 f   MSVCRTD:commit_mode.obj
 0002:00002160       __get_startup_file_mode    00413160 f   MSVCRTD:file_mode.obj
 0002:00002170       __get_startup_new_mode     00413170 f   MSVCRTD:new_mode.obj
 0002:00002180       __get_startup_thread_locale_mode 00413180 f   MSVCRTD:thread_locale.obj
 0002:00002190       ?__scrt_initialize_type_info@@YAXXZ 00413190 f   MSVCRTD:tncleanup.obj
 0002:000021b0       ?__scrt_uninitialize_type_info@@YAXXZ 004131b0 f   MSVCRTD:tncleanup.obj
 0002:000021d0       __should_initialize_environment 004131d0 f   MSVCRTD:env_mode.obj
 0002:000021e0       __initialize_default_precision 004131e0 f   MSVCRTD:default_precision.obj
 0002:00002210       __initialize_invalid_parameter_handler 00413210 f   MSVCRTD:invalid_parameter_handler.obj
 0002:00002220       __initialize_denormal_control 00413220 f   MSVCRTD:denormal_control.obj
 0002:00002230       ___local_stdio_scanf_options 00413230 f i MSVCRTD:default_local_stdio_options.obj
 0002:00002240       ___scrt_initialize_default_local_stdio_options 00413240 f   MSVCRTD:default_local_stdio_options.obj
 0002:00002290       ___scrt_is_user_matherr_present 00413290 f   MSVCRTD:matherr_detection.obj
 0002:000022c0       ___scrt_get_dyn_tls_init_callback 004132c0 f   MSVCRTD:dyn_tls_init.obj
 0002:000022d0       ___scrt_get_dyn_tls_dtor_callback 004132d0 f   MSVCRTD:dyn_tls_dtor.obj
 0002:000022e0       ___scrt_fastfail           004132e0 f   MSVCRTD:utility_desktop.obj
 0002:00002470       ___scrt_get_show_window_mode 00413470 f   MSVCRTD:utility_desktop.obj
 0002:000024c0       ___scrt_initialize_mta     004134c0 f   MSVCRTD:utility_desktop.obj
 0002:000024d0       ___scrt_initialize_winrt   004134d0 f   MSVCRTD:utility_desktop.obj
 0002:000024e0       ___scrt_is_managed_app     004134e0 f   MSVCRTD:utility_desktop.obj
 0002:00002590       ___scrt_set_unhandled_exception_filter 00413590 f   MSVCRTD:utility_desktop.obj
 0002:000025b0       ___scrt_stub_for_initialize_mta 004135b0 f   MSVCRTD:utility_desktop.obj
 0002:000025b0       ___scrt_exe_initialize_mta 004135b0 f   MSVCRTD:utility_desktop.obj
 0002:000025c0       ___scrt_unhandled_exception_filter@4 004135c0 f   MSVCRTD:utility_desktop.obj
 0002:00002660       __crt_debugger_hook        00413660 f   MSVCRTD:utility_desktop.obj
 0002:00002680       __RTC_Initialize           00413680 f   MSVCRTD:initsect.obj
 0002:000026c0       __RTC_Terminate            004136c0 f   MSVCRTD:initsect.obj
 0002:00002700       __except_handler4          00413700 f   MSVCRTD:chandler4gs.obj
 0002:00002750       @_guard_check_icall_nop@4  00413750 f i MSVCRTD:guard_support.obj
 0002:00002760       _ReadNoFence               00413760 f i MSVCRTD:guard_support.obj
 0002:00002780       _ReadPointerNoFence        00413780 f i MSVCRTD:guard_support.obj
 0002:000027a0       __guard_icall_checks_enforced 004137a0 f i MSVCRTD:guard_support.obj
 0002:00002d70       ?_RTC_GetSrcLine@@YAHPAEPA_WKPAH1K@Z 00413d70 f   MSVCRTD:pdblkup.obj
 0002:000031d0       @__security_check_cookie@4 004141d0 f   MSVCRTD:secchk.obj
 0002:000031f0       __except_handler4_noexcept 004141f0 f   MSVCRTD:chandler4_noexcept.obj
 0002:00003270       ___isa_available_init      00414270 f   MSVCRTD:cpu_disp.obj
 0002:00003670       ___scrt_is_ucrt_dll_in_use 00414670 f   MSVCRTD:ucrt_detection.obj
 0002:000036a0       ___raise_securityfailure   004146a0 f   MSVCRTD:gs_report.obj
 0002:000036e0       ___report_gsfailure        004146e0 f   MSVCRTD:gs_report.obj
 0002:00003830       ___report_rangecheckfailure 00414830 f   MSVCRTD:gs_report.obj
 0002:00003840       ___report_securityfailure  00414840 f   MSVCRTD:gs_report.obj
 0002:00003950       ___report_securityfailureEx 00414950 f   MSVCRTD:gs_report.obj
 0002:00003abe       ___std_type_info_destroy_list 00414abe f   vcruntimed:VCRUNTIME140D.dll
 0002:00003ac4       ___current_exception       00414ac4 f   vcruntimed:VCRUNTIME140D.dll
 0002:00003aca       ___current_exception_context 00414aca f   vcruntimed:VCRUNTIME140D.dll
 0002:00003ad0       _memset                    00414ad0 f   vcruntimed:VCRUNTIME140D.dll
 0002:00003ad6       __except_handler4_common   00414ad6 f   vcruntimed:VCRUNTIME140D.dll
 0002:00003adc       ___vcrt_GetModuleFileNameW 00414adc f   vcruntimed:VCRUNTIME140D.dll
 0002:00003ae2       ___vcrt_GetModuleHandleW   00414ae2 f   vcruntimed:VCRUNTIME140D.dll
 0002:00003ae8       ___vcrt_LoadLibraryExW     00414ae8 f   vcruntimed:VCRUNTIME140D.dll
 0002:00003aee       __CrtDbgReport             00414aee f   ucrtd:ucrtbased.dll
 0002:00003af4       __CrtDbgReportW            00414af4 f   ucrtd:ucrtbased.dll
 0002:00003afa       __seh_filter_exe           00414afa f   ucrtd:ucrtbased.dll
 0002:00003b00       __set_app_type             00414b00 f   ucrtd:ucrtbased.dll
 0002:00003b06       ___setusermatherr          00414b06 f   ucrtd:ucrtbased.dll
 0002:00003b0c       __configure_narrow_argv    00414b0c f   ucrtd:ucrtbased.dll
 0002:00003b12       __initialize_narrow_environment 00414b12 f   ucrtd:ucrtbased.dll
 0002:00003b18       __get_initial_narrow_environment 00414b18 f   ucrtd:ucrtbased.dll
 0002:00003b1e       __initterm                 00414b1e f   ucrtd:ucrtbased.dll
 0002:00003b24       __initterm_e               00414b24 f   ucrtd:ucrtbased.dll
 0002:00003b2a       _exit                      00414b2a f   ucrtd:ucrtbased.dll
 0002:00003b30       __exit                     00414b30 f   ucrtd:ucrtbased.dll
 0002:00003b36       __set_fmode                00414b36 f   ucrtd:ucrtbased.dll
 0002:00003b3c       ___p___argc                00414b3c f   ucrtd:ucrtbased.dll
 0002:00003b42       ___p___argv                00414b42 f   ucrtd:ucrtbased.dll
 0002:00003b48       __cexit                    00414b48 f   ucrtd:ucrtbased.dll
 0002:00003b4e       __c_exit                   00414b4e f   ucrtd:ucrtbased.dll
 0002:00003b54       __register_thread_local_exe_atexit_callback 00414b54 f   ucrtd:ucrtbased.dll
 0002:00003b5a       __configthreadlocale       00414b5a f   ucrtd:ucrtbased.dll
 0002:00003b60       __set_new_mode             00414b60 f   ucrtd:ucrtbased.dll
 0002:00003b66       ___p__commode              00414b66 f   ucrtd:ucrtbased.dll
 0002:00003b6c       _strcpy_s                  00414b6c f   ucrtd:ucrtbased.dll
 0002:00003b72       _strcat_s                  00414b72 f   ucrtd:ucrtbased.dll
 0002:00003b78       ___stdio_common_vsprintf_s 00414b78 f   ucrtd:ucrtbased.dll
 0002:00003b7e       __seh_filter_dll           00414b7e f   ucrtd:ucrtbased.dll
 0002:00003b84       __initialize_onexit_table  00414b84 f   ucrtd:ucrtbased.dll
 0002:00003b8a       __register_onexit_function 00414b8a f   ucrtd:ucrtbased.dll
 0002:00003b90       __execute_onexit_table     00414b90 f   ucrtd:ucrtbased.dll
 0002:00003b96       __crt_atexit               00414b96 f   ucrtd:ucrtbased.dll
 0002:00003b9c       __crt_at_quick_exit        00414b9c f   ucrtd:ucrtbased.dll
 0002:00003ba2       __controlfp_s              00414ba2 f   ucrtd:ucrtbased.dll
 0002:00003ba8       _terminate                 00414ba8 f   ucrtd:ucrtbased.dll
 0002:00003bae       __wmakepath_s              00414bae f   ucrtd:ucrtbased.dll
 0002:00003bb4       __wsplitpath_s             00414bb4 f   ucrtd:ucrtbased.dll
 0002:00003bba       _wcscpy_s                  00414bba f   ucrtd:ucrtbased.dll
 0002:00003bc0       _GetCurrentThreadId@0      00414bc0 f   kernel32:KERNEL32.dll
 0002:00003bc6       _IsDebuggerPresent@0       00414bc6 f   kernel32:KERNEL32.dll
 0002:00003bcc       _RaiseException@16         00414bcc f   kernel32:KERNEL32.dll
 0002:00003bd2       _MultiByteToWideChar@24    00414bd2 f   kernel32:KERNEL32.dll
 0002:00003bd8       _WideCharToMultiByte@32    00414bd8 f   kernel32:KERNEL32.dll
 0002:00003bde       _QueryPerformanceCounter@4 00414bde f   kernel32:KERNEL32.dll
 0002:00003be4       _GetCurrentProcessId@0     00414be4 f   kernel32:KERNEL32.dll
 0002:00003bea       _GetSystemTimeAsFileTime@4 00414bea f   kernel32:KERNEL32.dll
 0002:00003bf0       _InitializeSListHead@4     00414bf0 f   kernel32:KERNEL32.dll
 0002:00003bf6       _UnhandledExceptionFilter@4 00414bf6 f   kernel32:KERNEL32.dll
 0002:00003bfc       _SetUnhandledExceptionFilter@4 00414bfc f   kernel32:KERNEL32.dll
 0002:00003c02       _GetStartupInfoW@4         00414c02 f   kernel32:KERNEL32.dll
 0002:00003c08       _IsProcessorFeaturePresent@4 00414c08 f   kernel32:KERNEL32.dll
 0002:00003c0e       _GetModuleHandleW@4        00414c0e f   kernel32:KERNEL32.dll
 0002:00003c14       _GetLastError@0            00414c14 f   kernel32:KERNEL32.dll
 0002:00003c1a       _HeapAlloc@12              00414c1a f   kernel32:KERNEL32.dll
 0002:00003c20       _HeapFree@12               00414c20 f   kernel32:KERNEL32.dll
 0002:00003c26       _GetProcessHeap@0          00414c26 f   kernel32:KERNEL32.dll
 0002:00003c2c       _VirtualQuery@12           00414c2c f   kernel32:KERNEL32.dll
 0002:00003c32       _FreeLibrary@4             00414c32 f   kernel32:KERNEL32.dll
 0002:00003c38       _GetProcAddress@8          00414c38 f   kernel32:KERNEL32.dll
 0002:00003c3e       _GetCurrentProcess@0       00414c3e f   kernel32:KERNEL32.dll
 0002:00003c44       _TerminateProcess@8        00414c44 f   kernel32:KERNEL32.dll
 0002:00003c50       ___vcrt_initialize         00414c50 f   MSVCRTD:ucrt_stubs.obj
 0002:00003c50       ___scrt_stub_for_acrt_initialize 00414c50 f   MSVCRTD:ucrt_stubs.obj
 0002:00003c50       ___acrt_initialize         00414c50 f   MSVCRTD:ucrt_stubs.obj
 0002:00003c60       ___scrt_stub_for_acrt_thread_attach 00414c60 f   MSVCRTD:ucrt_stubs.obj
 0002:00003c60       ___vcrt_thread_attach      00414c60 f   MSVCRTD:ucrt_stubs.obj
 0002:00003c60       ___acrt_thread_attach      00414c60 f   MSVCRTD:ucrt_stubs.obj
 0002:00003c70       ___vcrt_thread_detach      00414c70 f   MSVCRTD:ucrt_stubs.obj
 0002:00003c70       ___acrt_thread_detach      00414c70 f   MSVCRTD:ucrt_stubs.obj
 0002:00003c70       ___scrt_stub_for_acrt_thread_detach 00414c70 f   MSVCRTD:ucrt_stubs.obj
 0002:00003c80       ___scrt_stub_for_acrt_uninitialize 00414c80 f   MSVCRTD:ucrt_stubs.obj
 0002:00003c80       ___vcrt_uninitialize       00414c80 f   MSVCRTD:ucrt_stubs.obj
 0002:00003c80       ___acrt_uninitialize       00414c80 f   MSVCRTD:ucrt_stubs.obj
 0002:00003c90       ___acrt_uninitialize_critical 00414c90 f   MSVCRTD:ucrt_stubs.obj
 0002:00003c90       ___vcrt_uninitialize_critical 00414c90 f   MSVCRTD:ucrt_stubs.obj
 0002:00003c90       ___scrt_stub_for_acrt_uninitialize_critical 00414c90 f   MSVCRTD:ucrt_stubs.obj
 0002:00003ca0       __is_c_termination_complete 00414ca0 f   MSVCRTD:ucrt_stubs.obj
 0002:00003ca0       ___scrt_stub_for_is_c_termination_complete 00414ca0 f   MSVCRTD:ucrt_stubs.obj
 0002:00003cb0       __filter_x86_sse2_floating_point_exception 00414cb0 f   MSVCRTD:x86_exception_filter.obj
 0002:00003cb0       __filter_x86_sse2_floating_point_exception_default 00414cb0 f   MSVCRTD:x86_exception_filter.obj
 0003:00000000       ___xc_a                    00417000     MSVCRTD:initializers.obj
 0003:00000208       ___xc_z                    00417208     MSVCRTD:initializers.obj
 0003:0000030c       ___xi_a                    0041730c     MSVCRTD:initializers.obj
 0003:00000618       ___xi_z                    00417618     MSVCRTD:initializers.obj
 0003:0000071c       ___xp_a                    0041771c     MSVCRTD:initializers.obj
 0003:00000820       ___xp_z                    00417820     MSVCRTD:initializers.obj
 0003:00000924       ___xt_a                    00417924     MSVCRTD:initializers.obj
 0003:00000a28       ___xt_z                    00417a28     MSVCRTD:initializers.obj
 0003:00000b30       ??_C@_08FDNAGICL@Hello?5?$CFd@ 00417b30     helloworld.obj
 0003:00000bf8       ??_C@_0NN@JMPELKLB@The?5value?5of?5ESP?5was?5not?5proper@ 00417bf8     MSVCRTD:error.obj
 0003:00000d08       ??_C@_0BBN@ELNNILBE@A?5cast?5to?5a?5smaller?5data?5type?5h@ 00417d08     MSVCRTD:error.obj
 0003:00000e60       ??_C@_0BN@BPOGFMJL@Stack?5memory?5was?5corrupted?$AN?6@ 00417e60     MSVCRTD:error.obj
 0003:00000e84       ??_C@_0DG@DAJCDLPN@A?5local?5variable?5was?5used?5befor@ 00417e84     MSVCRTD:error.obj
 0003:00000ec4       ??_C@_0CM@JMIDGKLA@Stack?5memory?5around?5_alloca?5was@ 00417ec4     MSVCRTD:error.obj
 0003:00000ef8       ??_C@_0BO@CHIONIOI@Unknown?5Runtime?5Check?5Error?$AN?6@ 00417ef8     MSVCRTD:error.obj
 0003:00000f20       ??_C@_1GM@CNOOJIHC@?$AAR?$AAu?$AAn?$AAt?$AAi?$AAm?$AAe?$AA?5?$AAC?$AAh?$AAe?$AAc?$AAk?$AA?5?$AAE@ 00417f20     MSVCRTD:error.obj
 0003:00000fa8       ??_C@_1EA@NFKNIFJP@?$AAR?$AAu?$AAn?$AA?9?$AAT?$AAi?$AAm?$AAe?$AA?5?$AAC?$AAh?$AAe?$AAc?$AAk?$AA?5@ 00417fa8     MSVCRTD:error.obj
 0003:00000ff4       ??_C@_0BB@PFFGGCJP@Unknown?5Filename@ 00417ff4     MSVCRTD:error.obj
 0003:00001008       ??_C@_0BE@GNBOBNCK@Unknown?5Module?5Name@ 00418008     MSVCRTD:error.obj
 0003:00001020       ??_C@_0CA@IODNCDPG@Run?9Time?5Check?5Failure?5?$CD?$CFd?5?9?5?$CFs@ 00418020     MSVCRTD:error.obj
 0003:00001048       ??_C@_0CG@IAFNJNEE@Stack?5corrupted?5near?5unknown?5va@ 00418048     MSVCRTD:error.obj
 0003:00001078       ??_C@_05MKKEDADM@?$CF?42X?5@ 00418078     MSVCRTD:error.obj
 0003:00001080       ??_C@_0EJ@LJKNEOLN@Stack?5area?5around?5_alloca?5memor@ 00418080     MSVCRTD:error.obj
 0003:000010d8       ??_C@_01EEMJAFIK@?6@       004180d8     MSVCRTD:error.obj
 0003:000010dc       ??_C@_02LLMPMKNF@?$DO?5@   004180dc     MSVCRTD:error.obj
 0003:000010e0       ??_C@_08OMAHNMHJ@?6Data?3?5?$DM@ 004180e0     MSVCRTD:error.obj
 0003:000010ec       ??_C@_0CK@DKGBICFE@?6Allocation?5number?5within?5this?5@ 004180ec     MSVCRTD:error.obj
 0003:00001120       ??_C@_07DFDJCKFN@?6Size?3?5@ 00418120     MSVCRTD:error.obj
 0003:0000112c       ??_C@_0N@MHFFIMFG@?6Address?3?50x@ 0041812c     MSVCRTD:error.obj
 0003:00001140       ??_C@_0EI@CLEPFNGI@Stack?5area?5around?5_alloca?5memor@ 00418140     MSVCRTD:error.obj
 0003:00001198       ??_C@_0BK@ODNDAGKB@?$CFs?$CFs?$CFp?$CFs?$CFzd?$CFs?$CFd?$CFs?$CFs?$CFs?$CFs?$CFs@ 00418198     MSVCRTD:error.obj
 0003:000011b8       ??_C@_0DE@OHJBPMBP@A?5variable?5is?5being?5used?5withou@ 004181b8     MSVCRTD:error.obj
 0003:00001210       ??_C@_0BJ@HEGAHDFO@Stack?5pointer?5corruption@ 00418210     MSVCRTD:userapi.obj
 0003:00001230       ??_C@_0CK@FEGOIOPB@Cast?5to?5smaller?5type?5causing?5lo@ 00418230     MSVCRTD:userapi.obj
 0003:00001264       ??_C@_0BI@CIGMDCBH@Stack?5memory?5corruption@ 00418264     MSVCRTD:userapi.obj
 0003:00001280       ??_C@_0CK@CNLNOEPB@Local?5variable?5used?5before?5init@ 00418280     MSVCRTD:userapi.obj
 0003:000012b4       ??_C@_0BP@OGBCLIBO@Stack?5around?5_alloca?5corrupted@ 004182b4     MSVCRTD:userapi.obj
 0003:00001338       ??_C@_1EI@MLPKHBGE@?$AAa?$AAp?$AAi?$AA?9?$AAm?$AAs?$AA?9?$AAw?$AAi?$AAn?$AA?9?$AAc?$AAo?$AAr?$AAe@ 00418338     MSVCRTD:pdblkup.obj
 0003:00001390       ??_C@_1BK@JHLNAEJL@?$AAa?$AAd?$AAv?$AAa?$AAp?$AAi?$AA3?$AA2?$AA?4?$AAd?$AAl?$AAl@ 00418390     MSVCRTD:pdblkup.obj
 0003:000013b0       ??_C@_0O@COHOBMLB@RegOpenKeyExW@ 004183b0     MSVCRTD:pdblkup.obj
 0003:000013c0       ??_C@_0BB@GLNAEDBD@RegQueryValueExW@ 004183c0     MSVCRTD:pdblkup.obj
 0003:000013d4       ??_C@_0M@HLOHPNFA@RegCloseKey@ 004183d4     MSVCRTD:pdblkup.obj
 0003:000013e8       ??_C@_1HE@EBEAGLFB@?$AAS?$AAO?$AAF?$AAT?$AAW?$AAA?$AAR?$AAE?$AA?2?$AAW?$AAo?$AAw?$AA6?$AA4?$AA3@ 004183e8     MSVCRTD:pdblkup.obj
 0003:00001474       ??_C@_1BG@EABPBLLF@?$AAP?$AAr?$AAo?$AAd?$AAu?$AAc?$AAt?$AAD?$AAi?$AAr@ 00418474     MSVCRTD:pdblkup.obj
 0003:000014b4       ??_C@_1BC@JINFINNJ@?$AAM?$AAS?$AAP?$AAD?$AAB?$AA1?$AA4?$AA0@ 004184b4     MSVCRTD:pdblkup.obj
 0003:000014cc       ??_C@_0BB@KCIACLNC@PDBOpenValidate5@ 004184cc     MSVCRTD:pdblkup.obj
 0003:000014e0       ??_C@_01KDCPPGHE@r@        004184e0     MSVCRTD:pdblkup.obj
 0003:00001528       __load_config_used         00418528     MSVCRTD:loadcfg.obj
 0003:000018cc       ___rtc_iaa                 004188cc     MSVCRTD:initsect.obj
 0003:00001ad4       ___rtc_izz                 00418ad4     MSVCRTD:initsect.obj
 0003:00001bd8       ___rtc_taa                 00418bd8     MSVCRTD:initsect.obj
 0003:00001de0       ___rtc_tzz                 00418de0     MSVCRTD:initsect.obj
 0004:00000000       ?_RTC_ErrorLevels@@3PAHA   0041a000     MSVCRTD:error.obj
 0004:00000018       ___scrt_native_dllmain_reason 0041a018     MSVCRTD:utility.obj
 0004:0000001c       ___scrt_default_matherr    0041a01c     MSVCRTD:matherr.obj
 0004:00000020       ___security_cookie_complement 0041a020     MSVCRTD:gs_cookie.obj
 0004:00000024       ___security_cookie         0041a024     MSVCRTD:gs_cookie.obj
 0004:0000002c       ___isa_enabled             0041a02c     MSVCRTD:cpu_disp.obj
 0004:00000030       ___scrt_ucrt_dll_is_in_use 0041a030     MSVCRTD:ucrt_stubs.obj
 0004:00000140       ?_OptionsStorage@?1??__local_stdio_printf_options@@9@4_KA 0041a140     MSVCRTD:error.obj
 0004:00000158       ___scrt_current_native_startup_state 0041a158     MSVCRTD:utility.obj
 0004:0000015c       ___scrt_native_startup_lock 0041a15c     MSVCRTD:utility.obj
 0004:00000188       ?__type_info_root_node@@3U__type_info_node@@A 0041a188     MSVCRTD:tncleanup.obj
 0004:00000198       ?_OptionsStorage@?1??__local_stdio_scanf_options@@9@4_KA 0041a198     MSVCRTD:default_local_stdio_options.obj
 0004:000001a4       ___scrt_debugger_hook_flag 0041a1a4     MSVCRTD:utility_desktop.obj
 0004:000001b0       ___isa_available           0041a1b0     MSVCRTD:cpu_disp.obj
 0004:000001b4       ___favor                   0041a1b4     MSVCRTD:cpu_disp.obj
 0004:0000057c       ___dyn_tls_dtor_callback   0041a57c     <common>
 0004:00000588       ___dyn_tls_init_callback   0041a588     <common>
 0004:00000594       ___DebuggerCurrentSteppingThreadId 0041a594     <common>
 0005:00000000       __imp__HeapFree@12         0041b000     kernel32:KERNEL32.dll
 0005:00000004       __imp__TerminateProcess@8  0041b004     kernel32:KERNEL32.dll
 0005:00000008       __imp__IsDebuggerPresent@0 0041b008     kernel32:KERNEL32.dll
 0005:0000000c       __imp__RaiseException@16   0041b00c     kernel32:KERNEL32.dll
 0005:00000010       __imp__MultiByteToWideChar@24 0041b010     kernel32:KERNEL32.dll
 0005:00000014       __imp__WideCharToMultiByte@32 0041b014     kernel32:KERNEL32.dll
 0005:00000018       __imp__QueryPerformanceCounter@4 0041b018     kernel32:KERNEL32.dll
 0005:0000001c       __imp__GetCurrentProcessId@0 0041b01c     kernel32:KERNEL32.dll
 0005:00000020       __imp__GetSystemTimeAsFileTime@4 0041b020     kernel32:KERNEL32.dll
 0005:00000024       __imp__InitializeSListHead@4 0041b024     kernel32:KERNEL32.dll
 0005:00000028       __imp__UnhandledExceptionFilter@4 0041b028     kernel32:KERNEL32.dll
 0005:0000002c       __imp__GetCurrentProcess@0 0041b02c     kernel32:KERNEL32.dll
 0005:00000030       __imp__GetProcAddress@8    0041b030     kernel32:KERNEL32.dll
 0005:00000034       __imp__FreeLibrary@4       0041b034     kernel32:KERNEL32.dll
 0005:00000038       __imp__VirtualQuery@12     0041b038     kernel32:KERNEL32.dll
 0005:0000003c       __imp__GetProcessHeap@0    0041b03c     kernel32:KERNEL32.dll
 0005:00000040       __imp__GetCurrentThreadId@0 0041b040     kernel32:KERNEL32.dll
 0005:00000044       __imp__HeapAlloc@12        0041b044     kernel32:KERNEL32.dll
 0005:00000048       __imp__GetLastError@0      0041b048     kernel32:KERNEL32.dll
 0005:0000004c       __imp__GetModuleHandleW@4  0041b04c     kernel32:KERNEL32.dll
 0005:00000050       __imp__IsProcessorFeaturePresent@4 0041b050     kernel32:KERNEL32.dll
 0005:00000054       __imp__GetStartupInfoW@4   0041b054     kernel32:KERNEL32.dll
 0005:00000058       __imp__SetUnhandledExceptionFilter@4 0041b058     kernel32:KERNEL32.dll
 0005:0000005c       \177KERNEL32_NULL_THUNK_DATA 0041b05c     kernel32:KERNEL32.dll
 0005:00000098       __imp____vcrt_LoadLibraryExW 0041b098     vcruntimed:VCRUNTIME140D.dll
 0005:0000009c       __imp____vcrt_GetModuleHandleW 0041b09c     vcruntimed:VCRUNTIME140D.dll
 0005:000000a0       __imp____vcrt_GetModuleFileNameW 0041b0a0     vcruntimed:VCRUNTIME140D.dll
 0005:000000a4       __imp___except_handler4_common 0041b0a4     vcruntimed:VCRUNTIME140D.dll
 0005:000000a8       __imp__memset              0041b0a8     vcruntimed:VCRUNTIME140D.dll
 0005:000000ac       __imp____current_exception_context 0041b0ac     vcruntimed:VCRUNTIME140D.dll
 0005:000000b0       __imp____current_exception 0041b0b0     vcruntimed:VCRUNTIME140D.dll
 0005:000000b4       __imp____std_type_info_destroy_list 0041b0b4     vcruntimed:VCRUNTIME140D.dll
 0005:000000b8       \177VCRUNTIME140D_NULL_THUNK_DATA 0041b0b8     vcruntimed:VCRUNTIME140D.dll
 0005:000000e8       __imp__printnow            0041b0e8     dll:dll.dll
 0005:000000ec       \177dll_NULL_THUNK_DATA    0041b0ec     dll:dll.dll
 0005:00000118       __imp__strcat_s            0041b118     ucrtd:ucrtbased.dll
 0005:0000011c       __imp___initialize_onexit_table 0041b11c     ucrtd:ucrtbased.dll
 0005:00000120       __imp___register_onexit_function 0041b120     ucrtd:ucrtbased.dll
 0005:00000124       __imp___execute_onexit_table 0041b124     ucrtd:ucrtbased.dll
 0005:00000128       __imp___crt_atexit         0041b128     ucrtd:ucrtbased.dll
 0005:0000012c       __imp___crt_at_quick_exit  0041b12c     ucrtd:ucrtbased.dll
 0005:00000130       __imp___controlfp_s        0041b130     ucrtd:ucrtbased.dll
 0005:00000134       __imp__terminate           0041b134     ucrtd:ucrtbased.dll
 0005:00000138       __imp___wmakepath_s        0041b138     ucrtd:ucrtbased.dll
 0005:0000013c       __imp___wsplitpath_s       0041b13c     ucrtd:ucrtbased.dll
 0005:00000140       __imp__wcscpy_s            0041b140     ucrtd:ucrtbased.dll
 0005:00000144       __imp____stdio_common_vsprintf_s 0041b144     ucrtd:ucrtbased.dll
 0005:00000148       __imp__strcpy_s            0041b148     ucrtd:ucrtbased.dll
 0005:0000014c       __imp____p__commode        0041b14c     ucrtd:ucrtbased.dll
 0005:00000150       __imp___set_new_mode       0041b150     ucrtd:ucrtbased.dll
 0005:00000154       __imp___configthreadlocale 0041b154     ucrtd:ucrtbased.dll
 0005:00000158       __imp___register_thread_local_exe_atexit_callback 0041b158     ucrtd:ucrtbased.dll
 0005:0000015c       __imp___c_exit             0041b15c     ucrtd:ucrtbased.dll
 0005:00000160       __imp___cexit              0041b160     ucrtd:ucrtbased.dll
 0005:00000164       __imp____p___argv          0041b164     ucrtd:ucrtbased.dll
 0005:00000168       __imp____p___argc          0041b168     ucrtd:ucrtbased.dll
 0005:0000016c       __imp___set_fmode          0041b16c     ucrtd:ucrtbased.dll
 0005:00000170       __imp___exit               0041b170     ucrtd:ucrtbased.dll
 0005:00000174       __imp__exit                0041b174     ucrtd:ucrtbased.dll
 0005:00000178       __imp___initterm_e         0041b178     ucrtd:ucrtbased.dll
 0005:0000017c       __imp___initterm           0041b17c     ucrtd:ucrtbased.dll
 0005:00000180       __imp___get_initial_narrow_environment 0041b180     ucrtd:ucrtbased.dll
 0005:00000184       __imp___initialize_narrow_environment 0041b184     ucrtd:ucrtbased.dll
 0005:00000188       __imp___configure_narrow_argv 0041b188     ucrtd:ucrtbased.dll
 0005:0000018c       __imp____setusermatherr    0041b18c     ucrtd:ucrtbased.dll
 0005:00000190       __imp___set_app_type       0041b190     ucrtd:ucrtbased.dll
 0005:00000194       __imp___seh_filter_exe     0041b194     ucrtd:ucrtbased.dll
 0005:00000198       __imp___CrtDbgReportW      0041b198     ucrtd:ucrtbased.dll
 0005:0000019c       __imp___CrtDbgReport       0041b19c     ucrtd:ucrtbased.dll
 0005:000001a0       __imp___seh_filter_dll     0041b1a0     ucrtd:ucrtbased.dll
 0005:000001a4       \177ucrtbased_NULL_THUNK_DATA 0041b1a4     ucrtd:ucrtbased.dll
 0005:000001ec       __IMPORT_DESCRIPTOR_dll    0041b1ec     dll:dll.dll
 0005:00000200       __IMPORT_DESCRIPTOR_VCRUNTIME140D 0041b200     vcruntimed:VCRUNTIME140D.dll
 0005:00000214       __IMPORT_DESCRIPTOR_ucrtbased 0041b214     ucrtd:ucrtbased.dll
 0005:00000228       __IMPORT_DESCRIPTOR_KERNEL32 0041b228     kernel32:KERNEL32.dll
 0005:0000023c       __NULL_IMPORT_DESCRIPTOR   0041b23c     dll:dll.dll
 0007:00000000       ___guard_check_icall_fptr  0041d000     MSVCRTD:guard_support.obj
 0007:00000004       ___guard_xfg_check_icall_fptr 0041d004     MSVCRTD:guard_support.obj

 entry point at        0002:0000032a

 Static symbols

 0000:fffe0000       .debug$S                   00400000     dll:dll.dll
 0000:fffe4000       __guard_fids___except_handler4 00400000     MSVCRTD:chandler4gs.obj
 0000:fffe4000       __guard_fids_?pre_c_initialization@@YAHXZ 00400000     MSVCRTD:exe_main.obj
 0000:fffe4000       __guard_fids__             00400000     MSVCRTD:exe_main.obj
 0000:fffe4000       __guard_fids__             00400000     MSVCRTD:guard_support.obj
 0000:fffe4000       __guard_fids__             00400000     MSVCRTD:guard_support.obj
 0000:fffe4000       __guard_fids___guard_icall_checks_enforced 00400000     MSVCRTD:guard_support.obj
 0000:fffe4000       __guard_fids___CRT_RTC_INIT 00400000     MSVCRTD:init.obj
 0000:fffe4000       __guard_fids___CRT_RTC_INITW 00400000     MSVCRTD:init.obj
 0000:fffe4000       __guard_fids____scrt_set_unhandled_exception_filter 00400000     MSVCRTD:utility_desktop.obj
 0000:fffe0000       .debug$S                   00400000     vcruntimed:VCRUNTIME140D.dll
 0000:fffe0000       .debug$S                   00400000     vcruntimed:VCRUNTIME140D.dll
 0000:fffe0000       .debug$S                   00400000     vcruntimed:VCRUNTIME140D.dll
 0000:fffe0000       .debug$S                   00400000     vcruntimed:VCRUNTIME140D.dll
 0000:fffe0000       .debug$S                   00400000     vcruntimed:VCRUNTIME140D.dll
 0000:fffe0000       .debug$S                   00400000     vcruntimed:VCRUNTIME140D.dll
 0000:fffe0000       .debug$S                   00400000     vcruntimed:VCRUNTIME140D.dll
 0000:fffe0000       .debug$S                   00400000     vcruntimed:VCRUNTIME140D.dll
 0000:fffe0000       .debug$S                   00400000     ucrtd:ucrtbased.dll
 0000:fffe0000       .debug$S                   00400000     ucrtd:ucrtbased.dll
 0000:fffe0000       .debug$S                   00400000     ucrtd:ucrtbased.dll
 0000:fffe0000       .debug$S                   00400000     ucrtd:ucrtbased.dll
 0000:fffe0000       .debug$S                   00400000     ucrtd:ucrtbased.dll
 0000:fffe0000       .debug$S                   00400000     ucrtd:ucrtbased.dll
 0000:fffe0000       .debug$S                   00400000     ucrtd:ucrtbased.dll
 0000:fffe0000       .debug$S                   00400000     ucrtd:ucrtbased.dll
 0000:fffe0000       .debug$S                   00400000     ucrtd:ucrtbased.dll
 0000:fffe0000       .debug$S                   00400000     ucrtd:ucrtbased.dll
 0000:fffe0000       .debug$S                   00400000     ucrtd:ucrtbased.dll
 0000:fffe0000       .debug$S                   00400000     ucrtd:ucrtbased.dll
 0000:fffe0000       .debug$S                   00400000     ucrtd:ucrtbased.dll
 0000:fffe0000       .debug$S                   00400000     ucrtd:ucrtbased.dll
 0000:fffe0000       .debug$S                   00400000     ucrtd:ucrtbased.dll
 0000:fffe0000       .debug$S                   00400000     ucrtd:ucrtbased.dll
 0000:fffe0000       .debug$S                   00400000     ucrtd:ucrtbased.dll
 0000:fffe0000       .debug$S                   00400000     ucrtd:ucrtbased.dll
 0000:fffe0000       .debug$S                   00400000     ucrtd:ucrtbased.dll
 0000:fffe0000       .debug$S                   00400000     ucrtd:ucrtbased.dll
 0000:fffe0000       .debug$S                   00400000     ucrtd:ucrtbased.dll
 0000:fffe0000       .debug$S                   00400000     ucrtd:ucrtbased.dll
 0000:fffe0000       .debug$S                   00400000     ucrtd:ucrtbased.dll
 0000:fffe0000       .debug$S                   00400000     ucrtd:ucrtbased.dll
 0000:fffe0000       .debug$S                   00400000     ucrtd:ucrtbased.dll
 0000:fffe0000       .debug$S                   00400000     ucrtd:ucrtbased.dll
 0000:fffe0000       .debug$S                   00400000     ucrtd:ucrtbased.dll
 0000:fffe0000       .debug$S                   00400000     ucrtd:ucrtbased.dll
 0000:fffe0000       .debug$S                   00400000     ucrtd:ucrtbased.dll
 0000:fffe0000       .debug$S                   00400000     ucrtd:ucrtbased.dll
 0000:fffe0000       .debug$S                   00400000     ucrtd:ucrtbased.dll
 0000:fffe0000       .debug$S                   00400000     ucrtd:ucrtbased.dll
 0000:fffe0000       .debug$S                   00400000     ucrtd:ucrtbased.dll
 0000:fffe0000       .debug$S                   00400000     ucrtd:ucrtbased.dll
 0000:fffe0000       .debug$S                   00400000     ucrtd:ucrtbased.dll
 0000:fffe0000       .debug$S                   00400000     kernel32:KERNEL32.dll
 0000:fffe0000       .debug$S                   00400000     kernel32:KERNEL32.dll
 0000:fffe0000       .debug$S                   00400000     kernel32:KERNEL32.dll
 0000:fffe0000       .debug$S                   00400000     kernel32:KERNEL32.dll
 0000:fffe0000       .debug$S                   00400000     kernel32:KERNEL32.dll
 0000:fffe0000       .debug$S                   00400000     kernel32:KERNEL32.dll
 0000:fffe0000       .debug$S                   00400000     kernel32:KERNEL32.dll
 0000:fffe0000       .debug$S                   00400000     kernel32:KERNEL32.dll
 0000:fffe0000       .debug$S                   00400000     kernel32:KERNEL32.dll
 0000:fffe0000       .debug$S                   00400000     kernel32:KERNEL32.dll
 0000:fffe0000       .debug$S                   00400000     kernel32:KERNEL32.dll
 0000:fffe0000       .debug$S                   00400000     kernel32:KERNEL32.dll
 0000:fffe0000       .debug$S                   00400000     kernel32:KERNEL32.dll
 0000:fffe0000       .debug$S                   00400000     kernel32:KERNEL32.dll
 0000:fffe0000       .debug$S                   00400000     kernel32:KERNEL32.dll
 0000:fffe0000       .debug$S                   00400000     kernel32:KERNEL32.dll
 0000:fffe0000       .debug$S                   00400000     kernel32:KERNEL32.dll
 0000:fffe0000       .debug$S                   00400000     kernel32:KERNEL32.dll
 0000:fffe0000       .debug$S                   00400000     kernel32:KERNEL32.dll
 0000:fffe0000       .debug$S                   00400000     kernel32:KERNEL32.dll
 0000:fffe0000       .debug$S                   00400000     kernel32:KERNEL32.dll
 0000:fffe0000       .debug$S                   00400000     kernel32:KERNEL32.dll
 0000:fffe0000       .debug$S                   00400000     kernel32:KERNEL32.dll
 0000:fffe4004       __guard_fids__             00400004     MSVCRTD:exe_main.obj
 0000:fffe4008       __guard_fids__             00400008     MSVCRTD:exe_main.obj
 0002:00000a50       ?pre_c_initialization@@YAHXZ 00411a50 f   MSVCRTD:exe_main.obj
 0002:00000b30       ?post_pgo_initialization@@YAHXZ 00411b30 f   MSVCRTD:exe_main.obj
 0002:00000b40       ?pre_cpp_initialization@@YAXXZ 00411b40 f   MSVCRTD:exe_main.obj
 0002:00000b60       ?__scrt_common_main@@YAHXZ 00411b60 f   MSVCRTD:exe_main.obj
 0002:00000b80       ?__scrt_common_main_seh@@YAHXZ 00411b80 f   MSVCRTD:exe_main.obj
 0002:00000e50       ?invoke_main@@YAHXZ        00411e50 f   MSVCRTD:exe_main.obj
 0002:00000f10       ?DebuggerProbe@@YA_NK@Z    00411f10 f   MSVCRTD:error.obj
 0002:00000f60       ?DebuggerRuntime@@YA_NKHPAXPB_W@Z 00411f60 f   MSVCRTD:error.obj
 0002:00001230       ?_getMemBlockDataString@@YAXPAD0PBDI@Z 00412230 f   MSVCRTD:error.obj
 0002:000012c0       ?_strlen_priv@@YAIPBD@Z    004122c0 f   MSVCRTD:error.obj
 0002:000012e0       ?failwithmessage@@YAXPAXHHPBD@Z 004122e0 f   MSVCRTD:error.obj
 0002:00001560       ?notify_debugger@@YAXABUtagEXCEPTION_VISUALCPP_DEBUG_INFO@@@Z 00412560 f   MSVCRTD:error.obj
 0002:00001840       ?find_pe_section@@YAPAU_IMAGE_SECTION_HEADER@@QAEI@Z 00412840 f   MSVCRTD:utility.obj
 0002:000018f0       ?is_potentially_valid_image_base@@YA_NQAX@Z 004128f0 f   MSVCRTD:utility.obj
 0002:00002000       ___get_entropy             00413000 f   MSVCRTD:gs_support.obj
 0002:000027e0       ?GetPdbDll@@YAPAUHINSTANCE__@@XZ 004137e0 f   MSVCRTD:pdblkup.obj
 0002:00002970       ?GetPdbDllFromInstallPath@@YAPAUHINSTANCE__@@XZ 00413970 f   MSVCRTD:pdblkup.obj
 0002:00002c60       ?GetPdbDllPathFromFilePath@@YAHPB_WPA_WI@Z 00413c60 f   MSVCRTD:pdblkup.obj
 0003:00000104       ?pre_cpp_initializer@@3P6AXXZA 00417104     MSVCRTD:exe_main.obj
 0003:00000410       ?pre_c_initializer@@3P6AHXZA 00417410     MSVCRTD:exe_main.obj
 0003:00000514       ?post_pgo_initializer@@3P6AHXZA 00417514     MSVCRTD:exe_main.obj
 0003:00000b3c       ?_RTC_ErrorMessages@@3QBQBDB 00417b3c     MSVCRTD:error.obj
 0003:00000b54       ?_RTC_NoFalsePositives@@3QBHB 00417b54     MSVCRTD:error.obj
 0003:00000b6c       ?stack_premsg@@3QBDB       00417b6c     MSVCRTD:error.obj
 0003:00000b88       ?stack_postmsg@@3QBDB      00417b88     MSVCRTD:error.obj
 0003:00000b9c       ?uninit_premsg@@3QBDB      00417b9c     MSVCRTD:error.obj
 0003:00000bac       ?uninit_postmsg@@3QBDB     00417bac     MSVCRTD:error.obj
 0003:000011f8       ?_RTC_errlist@@3QBQBDB     004181f8     MSVCRTD:userapi.obj
 0003:000012dc       ?mspdbName@@3QB_WB         004182dc     MSVCRTD:pdblkup.obj
 0003:00001300       ?debugCrtFileName@@3QB_WB  00418300     MSVCRTD:pdblkup.obj
 0003:00001490       ?dllExt@?1??GetPdbDllPathFromFilePath@@YAHPB_WPA_WI@Z@4QB_WB 00418490     MSVCRTD:pdblkup.obj
 0003:0000149c       ?mspdbFilename@?1??GetPdbDllPathFromFilePath@@YAHPB_WPA_WI@Z@4QB_WB 0041849c     MSVCRTD:pdblkup.obj
 0003:000014e4       _GS_ExceptionPointers      004184e4     MSVCRTD:gs_report.obj
 0003:000019d0       __RTC_InitBase.rtc$IMZ     004189d0     helloworld.obj
 0003:00001cdc       __RTC_Shutdown.rtc$TMZ     00418cdc     helloworld.obj
 0003:00001ee8       __sehtable$?__scrt_common_main_seh@@YAHXZ 00418ee8     MSVCRTD:exe_main.obj
 0003:00001f08       __sehtable$?notify_debugger@@YAXABUtagEXCEPTION_VISUALCPP_DEBUG_INFO@@@Z 00418f08     MSVCRTD:error.obj
 0003:00001f28       __sehtable$___scrt_is_nonwritable_in_current_image 00418f28     MSVCRTD:utility.obj
 0004:00000138       ?init@?1??_RTC_InitBase@@9@4_NA 0041a138     MSVCRTD:init.obj
 0004:0000014c       ?_RTC_ErrorReportFunc@@3P6AHHPBDH00ZZA 0041a14c     MSVCRTD:userapi.obj
 0004:00000150       ?_RTC_ErrorReportFuncW@@3P6AHHPB_WH00ZZA 0041a150     MSVCRTD:userapi.obj
 0004:00000160       ?is_initialized_as_dll@@3_NA 0041a160     MSVCRTD:utility.obj
 0004:00000161       ?module_local_atexit_table_initialized@@3_NA 0041a161     MSVCRTD:utility.obj
 0004:00000164       ?module_local_atexit_table@@3U_onexit_table_t@@A 0041a164     MSVCRTD:utility.obj
 0004:00000170       ?module_local_at_quick_exit_table@@3U_onexit_table_t@@A 0041a170     MSVCRTD:utility.obj
 0004:000001a8       ?mspdb@@3PAUHINSTANCE__@@A 0041a1a8     MSVCRTD:pdblkup.obj
 0004:000001ac       ?alreadyTried@?1??GetPdbDll@@YAPAUHINSTANCE__@@XZ@4_NA 0041a1ac     MSVCRTD:pdblkup.obj
 0004:000001ad       ?PDBOK@?1??_RTC_GetSrcLine@@YAHPAEPA_WKPAH1K@Z@4_NA 0041a1ad     MSVCRTD:pdblkup.obj
 0004:000001c0       _GS_ExceptionRecord        0041a1c0     MSVCRTD:gs_report.obj
 0004:00000210       _GS_ContextRecord          0041a210     MSVCRTD:gs_report.obj
 0005:00000448       .idata$6                   0041b448     dll:dll.dll
 0005:00000516       .idata$6                   0041b516     vcruntimed:VCRUNTIME140D.dll
 0005:000007ac       .idata$6                   0041b7ac     ucrtd:ucrtbased.dll
 0005:00000990       .idata$6                   0041b990     kernel32:KERNEL32.dll
 0006:00000000       __9B21AFE4_helloworld@c    0041c000     helloworld.obj
 0008:00000170       $R000000                   0041e170     * linker generated manifest res *
